// Jest Snapshot v1, https://goo.gl/fbAQLP

exports[`Fruit component should render Fruit component 1`] = `ShallowWrapper {}`;
