// Jest Snapshot v1, https://goo.gl/fbAQLP

exports[`FruitList component should render FruitList component 1`] = `ShallowWrapper {}`;
