// Jest Snapshot v1, https://goo.gl/fbAQLP

exports[`EditFruit component should render EditFruit component 1`] = `ShallowWrapper {}`;
