// Jest Snapshot v1, https://goo.gl/fbAQLP

exports[`AddFruit component should render AddFruit component 1`] = `ShallowWrapper {}`;
