// Jest Snapshot v1, https://goo.gl/fbAQLP

exports[`Navbar component should render Navbar component 1`] = `ShallowWrapper {}`;
