// Jest Snapshot v1, https://goo.gl/fbAQLP

exports[`Cart component should render Cart component 1`] = `ShallowWrapper {}`;
